INFO:     Started server process [4608]
INFO:     Waiting for application startup.
INFO:     Application startup complete.
INFO:     Uvicorn running on http://0.0.0.0:8001 (Press CTRL+C to quit)
E:\TalkFlow\apps\backend\.venv\Lib\site-packages\jwt\api_jwt.py:149: InsecureKeyLengthWarning: The HMAC key is 23 bytes long, which is below the minimum recommended length of 32 bytes for SHA256. See RFC 7518 Section 3.2.
  return self._jws.encode(
E:\TalkFlow\apps\backend\.venv\Lib\site-packages\jwt\api_jwt.py:370: InsecureKeyLengthWarning: The HMAC key is 23 bytes long, which is below the minimum recommended length of 32 bytes for SHA256. See RFC 7518 Section 3.2.
  decoded = self.decode_complete(
ERROR:    Exception in ASGI application
Traceback (most recent call last):
  File "E:\TalkFlow\apps\backend\.venv\Lib\site-packages\starlette\responses.py", line 350, in __call__
    stat_result = await anyio.to_thread.run_sync(os.stat, self.path)
                  ^^^^^^^^^^^^^^^^^^^^^^^^^^^^^^^^^^^^^^^^^^^^^^^^^^
  File "E:\TalkFlow\apps\backend\.venv\Lib\site-packages\anyio\to_thread.py", line 65, in run_sync
    return await get_async_backend().run_sync_in_worker_thread(
           ^^^^^^^^^^^^^^^^^^^^^^^^^^^^^^^^^^^^^^^^^^^^^^^^^^^^
        func, args, abandon_on_cancel=abandon_on_cancel, limiter=limiter
        ^^^^^^^^^^^^^^^^^^^^^^^^^^^^^^^^^^^^^^^^^^^^^^^^^^^^^^^^^^^^^^^^
    )
    ^
  File "E:\TalkFlow\apps\backend\.venv\Lib\site-packages\anyio\_backends\_asyncio.py", line 2706, in run_sync_in_worker_thread
    return await future
           ^^^^^^^^^^^^
  File "E:\TalkFlow\apps\backend\.venv\Lib\site-packages\anyio\_backends\_asyncio.py", line 1100, in run
    result = context.run(func, *args)
FileNotFoundError: [WinError 2] The system cannot find the file specified: 'E:\\TalkFlow\\apps\\backend\\data\\recordings\\cd8a2706-c1d3-45b7-8a3b-abfc039fc7c6'

The above exception was the direct cause of the following exception:

Traceback (most recent call last):
  File "E:\TalkFlow\apps\backend\.venv\Lib\site-packages\starlette\middleware\errors.py", line 164, in __call__
    await self.app(scope, receive, _send)
  File "E:\TalkFlow\apps\backend\.venv\Lib\site-packages\starlette\middleware\base.py", line 193, in __call__
    response = await self.dispatch_func(request, call_next)
               ^^^^^^^^^^^^^^^^^^^^^^^^^^^^^^^^^^^^^^^^^^^^
  File "E:\TalkFlow\apps\backend\app\core\tracing.py", line 28, in dispatch
    response = await call_next(request)
               ^^^^^^^^^^^^^^^^^^^^^^^^
  File "E:\TalkFlow\apps\backend\.venv\Lib\site-packages\starlette\middleware\base.py", line 168, in call_next
    raise app_exc from app_exc.__cause__ or app_exc.__context__
  File "E:\TalkFlow\apps\backend\.venv\Lib\site-packages\starlette\middleware\base.py", line 144, in coro
    await self.app(scope, receive_or_disconnect, send_no_error)
  File "E:\TalkFlow\apps\backend\.venv\Lib\site-packages\starlette\middleware\cors.py", line 88, in __call__
    await self.app(scope, receive, send)
  File "E:\TalkFlow\apps\backend\.venv\Lib\site-packages\starlette\middleware\exceptions.py", line 63, in __call__
    await wrap_app_handling_exceptions(self.app, conn)(scope, receive, send)
  File "E:\TalkFlow\apps\backend\.venv\Lib\site-packages\starlette\_exception_handler.py", line 53, in wrapped_app
    raise exc
  File "E:\TalkFlow\apps\backend\.venv\Lib\site-packages\starlette\_exception_handler.py", line 42, in wrapped_app
    await app(scope, receive, sender)
  File "E:\TalkFlow\apps\backend\.venv\Lib\site-packages\fastapi\middleware\asyncexitstack.py", line 18, in __call__
    await self.app(scope, receive, send)
  File "E:\TalkFlow\apps\backend\.venv\Lib\site-packages\starlette\routing.py", line 670, in __call__
    await self.middleware_stack(scope, receive, send)
  File "E:\TalkFlow\apps\backend\.venv\Lib\site-packages\fastapi\routing.py", line 2734, in app
    await route.handle(scope, receive, send)
  File "E:\TalkFlow\apps\backend\.venv\Lib\site-packages\fastapi\routing.py", line 1780, in handle
    await self.original_router.handle(scope, receive, send)
  File "E:\TalkFlow\apps\backend\.venv\Lib\site-packages\fastapi\routing.py", line 2789, in handle
    await included_router._handle_selected(scope, receive, send)
  File "E:\TalkFlow\apps\backend\.venv\Lib\site-packages\fastapi\routing.py", line 1800, in _handle_selected
    await original_route.handle(scope, receive, send)
  File "E:\TalkFlow\apps\backend\.venv\Lib\site-packages\fastapi\routing.py", line 1279, in handle
    await app(scope, receive, send)
  File "E:\TalkFlow\apps\backend\.venv\Lib\site-packages\fastapi\routing.py", line 158, in app
    await wrap_app_handling_exceptions(app, request)(scope, receive, send)
  File "E:\TalkFlow\apps\backend\.venv\Lib\site-packages\starlette\_exception_handler.py", line 53, in wrapped_app
    raise exc
  File "E:\TalkFlow\apps\backend\.venv\Lib\site-packages\starlette\_exception_handler.py", line 42, in wrapped_app
    await app(scope, receive, sender)
  File "E:\TalkFlow\apps\backend\.venv\Lib\site-packages\fastapi\routing.py", line 145, in app
    await response(scope, receive, send)
  File "E:\TalkFlow\apps\backend\.venv\Lib\site-packages\starlette\responses.py", line 353, in __call__
    raise RuntimeError(f"File at path {self.path} does not exist.")
RuntimeError: File at path E:\TalkFlow\apps\backend\data\recordings\cd8a2706-c1d3-45b7-8a3b-abfc039fc7c6 does not exist.

During handling of the above exception, another exception occurred:

Traceback (most recent call last):
  File "E:\TalkFlow\apps\backend\.venv\Lib\site-packages\uvicorn\protocols\http\httptools_impl.py", line 422, in run_asgi
    result = await app(  # type: ignore[func-returns-value]
             ^^^^^^^^^^^^^^^^^^^^^^^^^^^^^^^^^^^^^^^^^^^^^^
        self.scope, self.receive, self.send
        ^^^^^^^^^^^^^^^^^^^^^^^^^^^^^^^^^^^
    )
    ^
  File "E:\TalkFlow\apps\backend\.venv\Lib\site-packages\uvicorn\middleware\proxy_headers.py", line 63, in __call__
    return await self.app(scope, receive, send)
           ^^^^^^^^^^^^^^^^^^^^^^^^^^^^^^^^^^^^
  File "E:\TalkFlow\apps\backend\.venv\Lib\site-packages\fastapi\applications.py", line 1163, in __call__
    await super().__call__(scope, receive, send)
  File "E:\TalkFlow\apps\backend\.venv\Lib\site-packages\starlette\applications.py", line 96, in __call__
    await self.middleware_stack(scope, receive, send)
  File "E:\TalkFlow\apps\backend\.venv\Lib\site-packages\starlette\middleware\errors.py", line 176, in __call__
    response = await self.handler(request, exc)  # type: ignore[assignment, arg-type]
               ^^^^^^^^^^^^^^^^^^^^^^^^^^^^^^^^
  File "E:\TalkFlow\apps\backend\app\main.py", line 74, in unhandled_error_handler
    log.exception("unhandled error", path=request.url.path, trace_id=trace_id)
    ~~~~~~~~~~~~~^^^^^^^^^^^^^^^^^^^^^^^^^^^^^^^^^^^^^^^^^^^^^^^^^^^^^^^^^^^^^
  File "E:\TalkFlow\apps\backend\.venv\Lib\site-packages\structlog\_native.py", line 49, in exception
    return self.error(event, *args, **kw)
           ~~~~~~~~~~^^^^^^^^^^^^^^^^^^^^
  File "E:\TalkFlow\apps\backend\.venv\Lib\site-packages\structlog\_native.py", line 172, in meth
    return self._proxy_to_logger(
           ~~~~~~~~~~~~~~~~~~~~~^
        name, _maybe_interpolate(event, args), **kw
        ^^^^^^^^^^^^^^^^^^^^^^^^^^^^^^^^^^^^^^^^^^^
    )
    ^
  File "E:\TalkFlow\apps\backend\.venv\Lib\site-packages\structlog\_base.py", line 224, in _proxy_to_logger
    return getattr(self._logger, method_name)(*args, **kw)
           ~~~~~~~~~~~~~~~~~~~~~~~~~~~~~~~~~~^^^^^^^^^^^^^
  File "E:\TalkFlow\apps\backend\.venv\Lib\site-packages\structlog\_output.py", line 113, in msg
    print(message, file=f, flush=True)
    ~~~~~^^^^^^^^^^^^^^^^^^^^^^^^^^^^^
  File "E:\TalkFlow\apps\backend\.venv\Lib\site-packages\colorama\ansitowin32.py", line 47, in write
    self.__convertor.write(text)
    ~~~~~~~~~~~~~~~~~~~~~~^^^^^^
  File "E:\TalkFlow\apps\backend\.venv\Lib\site-packages\colorama\ansitowin32.py", line 177, in write
    self.write_and_convert(text)
    ~~~~~~~~~~~~~~~~~~~~~~^^^^^^
  File "E:\TalkFlow\apps\backend\.venv\Lib\site-packages\colorama\ansitowin32.py", line 202, in write_and_convert
    self.write_plain_text(text, cursor, start)
    ~~~~~~~~~~~~~~~~~~~~~^^^^^^^^^^^^^^^^^^^^^
  File "E:\TalkFlow\apps\backend\.venv\Lib\site-packages\colorama\ansitowin32.py", line 210, in write_plain_text
    self.wrapped.write(text[start:end])
    ~~~~~~~~~~~~~~~~~~^^^^^^^^^^^^^^^^^
  File "C:\Users\C-Zone\AppData\Local\Programs\Python\Python313\Lib\encodings\cp1252.py", line 19, in encode
    return codecs.charmap_encode(input,self.errors,encoding_table)[0]
           ~~~~~~~~~~~~~~~~~~~~~^^^^^^^^^^^^^^^^^^^^^^^^^^^^^^^^^^
UnicodeEncodeError: 'charmap' codec can't encode characters in position 0-1: character maps to <undefined>
ERROR:    Exception in ASGI application
Traceback (most recent call last):
  File "E:\TalkFlow\apps\backend\.venv\Lib\site-packages\starlette\responses.py", line 350, in __call__
    stat_result = await anyio.to_thread.run_sync(os.stat, self.path)
                  ^^^^^^^^^^^^^^^^^^^^^^^^^^^^^^^^^^^^^^^^^^^^^^^^^^
  File "E:\TalkFlow\apps\backend\.venv\Lib\site-packages\anyio\to_thread.py", line 65, in run_sync
    return await get_async_backend().run_sync_in_worker_thread(
           ^^^^^^^^^^^^^^^^^^^^^^^^^^^^^^^^^^^^^^^^^^^^^^^^^^^^
        func, args, abandon_on_cancel=abandon_on_cancel, limiter=limiter
        ^^^^^^^^^^^^^^^^^^^^^^^^^^^^^^^^^^^^^^^^^^^^^^^^^^^^^^^^^^^^^^^^
    )
    ^
  File "E:\TalkFlow\apps\backend\.venv\Lib\site-packages\anyio\_backends\_asyncio.py", line 2706, in run_sync_in_worker_thread
    return await future
           ^^^^^^^^^^^^
  File "E:\TalkFlow\apps\backend\.venv\Lib\site-packages\anyio\_backends\_asyncio.py", line 1100, in run
    result = context.run(func, *args)
FileNotFoundError: [WinError 2] The system cannot find the file specified: 'E:\\TalkFlow\\apps\\backend\\data\\recordings\\cd8a2706-c1d3-45b7-8a3b-abfc039fc7c6'

The above exception was the direct cause of the following exception:

Traceback (most recent call last):
  File "E:\TalkFlow\apps\backend\.venv\Lib\site-packages\starlette\middleware\errors.py", line 164, in __call__
    await self.app(scope, receive, _send)
  File "E:\TalkFlow\apps\backend\.venv\Lib\site-packages\starlette\middleware\base.py", line 193, in __call__
    response = await self.dispatch_func(request, call_next)
               ^^^^^^^^^^^^^^^^^^^^^^^^^^^^^^^^^^^^^^^^^^^^
  File "E:\TalkFlow\apps\backend\app\core\tracing.py", line 28, in dispatch
    response = await call_next(request)
               ^^^^^^^^^^^^^^^^^^^^^^^^
  File "E:\TalkFlow\apps\backend\.venv\Lib\site-packages\starlette\middleware\base.py", line 168, in call_next
    raise app_exc from app_exc.__cause__ or app_exc.__context__
  File "E:\TalkFlow\apps\backend\.venv\Lib\site-packages\starlette\middleware\base.py", line 144, in coro
    await self.app(scope, receive_or_disconnect, send_no_error)
  File "E:\TalkFlow\apps\backend\.venv\Lib\site-packages\starlette\middleware\cors.py", line 88, in __call__
    await self.app(scope, receive, send)
  File "E:\TalkFlow\apps\backend\.venv\Lib\site-packages\starlette\middleware\exceptions.py", line 63, in __call__
    await wrap_app_handling_exceptions(self.app, conn)(scope, receive, send)
  File "E:\TalkFlow\apps\backend\.venv\Lib\site-packages\starlette\_exception_handler.py", line 53, in wrapped_app
    raise exc
  File "E:\TalkFlow\apps\backend\.venv\Lib\site-packages\starlette\_exception_handler.py", line 42, in wrapped_app
    await app(scope, receive, sender)
  File "E:\TalkFlow\apps\backend\.venv\Lib\site-packages\fastapi\middleware\asyncexitstack.py", line 18, in __call__
    await self.app(scope, receive, send)
  File "E:\TalkFlow\apps\backend\.venv\Lib\site-packages\starlette\routing.py", line 670, in __call__
    await self.middleware_stack(scope, receive, send)
  File "E:\TalkFlow\apps\backend\.venv\Lib\site-packages\fastapi\routing.py", line 2734, in app
    await route.handle(scope, receive, send)
  File "E:\TalkFlow\apps\backend\.venv\Lib\site-packages\fastapi\routing.py", line 1780, in handle
    await self.original_router.handle(scope, receive, send)
  File "E:\TalkFlow\apps\backend\.venv\Lib\site-packages\fastapi\routing.py", line 2789, in handle
    await included_router._handle_selected(scope, receive, send)
  File "E:\TalkFlow\apps\backend\.venv\Lib\site-packages\fastapi\routing.py", line 1800, in _handle_selected
    await original_route.handle(scope, receive, send)
  File "E:\TalkFlow\apps\backend\.venv\Lib\site-packages\fastapi\routing.py", line 1279, in handle
    await app(scope, receive, send)
  File "E:\TalkFlow\apps\backend\.venv\Lib\site-packages\fastapi\routing.py", line 158, in app
    await wrap_app_handling_exceptions(app, request)(scope, receive, send)
  File "E:\TalkFlow\apps\backend\.venv\Lib\site-packages\starlette\_exception_handler.py", line 53, in wrapped_app
    raise exc
  File "E:\TalkFlow\apps\backend\.venv\Lib\site-packages\starlette\_exception_handler.py", line 42, in wrapped_app
    await app(scope, receive, sender)
  File "E:\TalkFlow\apps\backend\.venv\Lib\site-packages\fastapi\routing.py", line 145, in app
    await response(scope, receive, send)
  File "E:\TalkFlow\apps\backend\.venv\Lib\site-packages\starlette\responses.py", line 353, in __call__
    raise RuntimeError(f"File at path {self.path} does not exist.")
RuntimeError: File at path E:\TalkFlow\apps\backend\data\recordings\cd8a2706-c1d3-45b7-8a3b-abfc039fc7c6 does not exist.

During handling of the above exception, another exception occurred:

Traceback (most recent call last):
  File "E:\TalkFlow\apps\backend\.venv\Lib\site-packages\uvicorn\protocols\http\httptools_impl.py", line 422, in run_asgi
    result = await app(  # type: ignore[func-returns-value]
             ^^^^^^^^^^^^^^^^^^^^^^^^^^^^^^^^^^^^^^^^^^^^^^
        self.scope, self.receive, self.send
        ^^^^^^^^^^^^^^^^^^^^^^^^^^^^^^^^^^^
    )
    ^
  File "E:\TalkFlow\apps\backend\.venv\Lib\site-packages\uvicorn\middleware\proxy_headers.py", line 63, in __call__
    return await self.app(scope, receive, send)
           ^^^^^^^^^^^^^^^^^^^^^^^^^^^^^^^^^^^^
  File "E:\TalkFlow\apps\backend\.venv\Lib\site-packages\fastapi\applications.py", line 1163, in __call__
    await super().__call__(scope, receive, send)
  File "E:\TalkFlow\apps\backend\.venv\Lib\site-packages\starlette\applications.py", line 96, in __call__
    await self.middleware_stack(scope, receive, send)
  File "E:\TalkFlow\apps\backend\.venv\Lib\site-packages\starlette\middleware\errors.py", line 176, in __call__
    response = await self.handler(request, exc)  # type: ignore[assignment, arg-type]
               ^^^^^^^^^^^^^^^^^^^^^^^^^^^^^^^^
  File "E:\TalkFlow\apps\backend\app\main.py", line 74, in unhandled_error_handler
    log.exception("unhandled error", path=request.url.path, trace_id=trace_id)
    ~~~~~~~~~~~~~^^^^^^^^^^^^^^^^^^^^^^^^^^^^^^^^^^^^^^^^^^^^^^^^^^^^^^^^^^^^^
  File "E:\TalkFlow\apps\backend\.venv\Lib\site-packages\structlog\_native.py", line 49, in exception
    return self.error(event, *args, **kw)
           ~~~~~~~~~~^^^^^^^^^^^^^^^^^^^^
  File "E:\TalkFlow\apps\backend\.venv\Lib\site-packages\structlog\_native.py", line 172, in meth
    return self._proxy_to_logger(
           ~~~~~~~~~~~~~~~~~~~~~^
        name, _maybe_interpolate(event, args), **kw
        ^^^^^^^^^^^^^^^^^^^^^^^^^^^^^^^^^^^^^^^^^^^
    )
    ^
  File "E:\TalkFlow\apps\backend\.venv\Lib\site-packages\structlog\_base.py", line 224, in _proxy_to_logger
    return getattr(self._logger, method_name)(*args, **kw)
           ~~~~~~~~~~~~~~~~~~~~~~~~~~~~~~~~~~^^^^^^^^^^^^^
  File "E:\TalkFlow\apps\backend\.venv\Lib\site-packages\structlog\_output.py", line 113, in msg
    print(message, file=f, flush=True)
    ~~~~~^^^^^^^^^^^^^^^^^^^^^^^^^^^^^
  File "E:\TalkFlow\apps\backend\.venv\Lib\site-packages\colorama\ansitowin32.py", line 47, in write
    self.__convertor.write(text)
    ~~~~~~~~~~~~~~~~~~~~~~^^^^^^
  File "E:\TalkFlow\apps\backend\.venv\Lib\site-packages\colorama\ansitowin32.py", line 177, in write
    self.write_and_convert(text)
    ~~~~~~~~~~~~~~~~~~~~~~^^^^^^
  File "E:\TalkFlow\apps\backend\.venv\Lib\site-packages\colorama\ansitowin32.py", line 202, in write_and_convert
    self.write_plain_text(text, cursor, start)
    ~~~~~~~~~~~~~~~~~~~~~^^^^^^^^^^^^^^^^^^^^^
  File "E:\TalkFlow\apps\backend\.venv\Lib\site-packages\colorama\ansitowin32.py", line 210, in write_plain_text
    self.wrapped.write(text[start:end])
    ~~~~~~~~~~~~~~~~~~^^^^^^^^^^^^^^^^^
  File "C:\Users\C-Zone\AppData\Local\Programs\Python\Python313\Lib\encodings\cp1252.py", line 19, in encode
    return codecs.charmap_encode(input,self.errors,encoding_table)[0]
           ~~~~~~~~~~~~~~~~~~~~~^^^^^^^^^^^^^^^^^^^^^^^^^^^^^^^^^^
UnicodeEncodeError: 'charmap' codec can't encode characters in position 0-1: character maps to <undefined>
<sys>:0: SAWarning: Column 'qa_reviews.id' is marked as a member of the primary key for table 'qa_reviews', but has no Python-side or server-side default generator indicated, nor does it indicate 'autoincrement=True' or 'nullable=True', and no explicit value is passed.  Primary key columns typically may not store NULL.
ERROR:    Exception in ASGI application
Traceback (most recent call last):
  File "E:\TalkFlow\apps\backend\.venv\Lib\site-packages\starlette\responses.py", line 350, in __call__
    stat_result = await anyio.to_thread.run_sync(os.stat, self.path)
                  ^^^^^^^^^^^^^^^^^^^^^^^^^^^^^^^^^^^^^^^^^^^^^^^^^^
  File "E:\TalkFlow\apps\backend\.venv\Lib\site-packages\anyio\to_thread.py", line 65, in run_sync
    return await get_async_backend().run_sync_in_worker_thread(
           ^^^^^^^^^^^^^^^^^^^^^^^^^^^^^^^^^^^^^^^^^^^^^^^^^^^^
        func, args, abandon_on_cancel=abandon_on_cancel, limiter=limiter
        ^^^^^^^^^^^^^^^^^^^^^^^^^^^^^^^^^^^^^^^^^^^^^^^^^^^^^^^^^^^^^^^^
    )
    ^
  File "E:\TalkFlow\apps\backend\.venv\Lib\site-packages\anyio\_backends\_asyncio.py", line 2706, in run_sync_in_worker_thread
    return await future
           ^^^^^^^^^^^^
  File "E:\TalkFlow\apps\backend\.venv\Lib\site-packages\anyio\_backends\_asyncio.py", line 1100, in run
    result = context.run(func, *args)
FileNotFoundError: [WinError 2] The system cannot find the file specified: 'E:\\TalkFlow\\apps\\backend\\data\\recordings\\cd8a2706-c1d3-45b7-8a3b-abfc039fc7c6'

The above exception was the direct cause of the following exception:

Traceback (most recent call last):
  File "E:\TalkFlow\apps\backend\.venv\Lib\site-packages\starlette\middleware\errors.py", line 164, in __call__
    await self.app(scope, receive, _send)
  File "E:\TalkFlow\apps\backend\.venv\Lib\site-packages\starlette\middleware\base.py", line 193, in __call__
    response = await self.dispatch_func(request, call_next)
               ^^^^^^^^^^^^^^^^^^^^^^^^^^^^^^^^^^^^^^^^^^^^
  File "E:\TalkFlow\apps\backend\app\core\tracing.py", line 28, in dispatch
    response = await call_next(request)
               ^^^^^^^^^^^^^^^^^^^^^^^^
  File "E:\TalkFlow\apps\backend\.venv\Lib\site-packages\starlette\middleware\base.py", line 168, in call_next
    raise app_exc from app_exc.__cause__ or app_exc.__context__
  File "E:\TalkFlow\apps\backend\.venv\Lib\site-packages\starlette\middleware\base.py", line 144, in coro
    await self.app(scope, receive_or_disconnect, send_no_error)
  File "E:\TalkFlow\apps\backend\.venv\Lib\site-packages\starlette\middleware\cors.py", line 88, in __call__
    await self.app(scope, receive, send)
  File "E:\TalkFlow\apps\backend\.venv\Lib\site-packages\starlette\middleware\exceptions.py", line 63, in __call__
    await wrap_app_handling_exceptions(self.app, conn)(scope, receive, send)
  File "E:\TalkFlow\apps\backend\.venv\Lib\site-packages\starlette\_exception_handler.py", line 53, in wrapped_app
    raise exc
  File "E:\TalkFlow\apps\backend\.venv\Lib\site-packages\starlette\_exception_handler.py", line 42, in wrapped_app
    await app(scope, receive, sender)
  File "E:\TalkFlow\apps\backend\.venv\Lib\site-packages\fastapi\middleware\asyncexitstack.py", line 18, in __call__
    await self.app(scope, receive, send)
  File "E:\TalkFlow\apps\backend\.venv\Lib\site-packages\starlette\routing.py", line 670, in __call__
    await self.middleware_stack(scope, receive, send)
  File "E:\TalkFlow\apps\backend\.venv\Lib\site-packages\fastapi\routing.py", line 2734, in app
    await route.handle(scope, receive, send)
  File "E:\TalkFlow\apps\backend\.venv\Lib\site-packages\fastapi\routing.py", line 1780, in handle
    await self.original_router.handle(scope, receive, send)
  File "E:\TalkFlow\apps\backend\.venv\Lib\site-packages\fastapi\routing.py", line 2789, in handle
    await included_router._handle_selected(scope, receive, send)
  File "E:\TalkFlow\apps\backend\.venv\Lib\site-packages\fastapi\routing.py", line 1800, in _handle_selected
    await original_route.handle(scope, receive, send)
  File "E:\TalkFlow\apps\backend\.venv\Lib\site-packages\fastapi\routing.py", line 1279, in handle
    await app(scope, receive, send)
  File "E:\TalkFlow\apps\backend\.venv\Lib\site-packages\fastapi\routing.py", line 158, in app
    await wrap_app_handling_exceptions(app, request)(scope, receive, send)
  File "E:\TalkFlow\apps\backend\.venv\Lib\site-packages\starlette\_exception_handler.py", line 53, in wrapped_app
    raise exc
  File "E:\TalkFlow\apps\backend\.venv\Lib\site-packages\starlette\_exception_handler.py", line 42, in wrapped_app
    await app(scope, receive, sender)
  File "E:\TalkFlow\apps\backend\.venv\Lib\site-packages\fastapi\routing.py", line 145, in app
    await response(scope, receive, send)
  File "E:\TalkFlow\apps\backend\.venv\Lib\site-packages\starlette\responses.py", line 353, in __call__
    raise RuntimeError(f"File at path {self.path} does not exist.")
RuntimeError: File at path E:\TalkFlow\apps\backend\data\recordings\cd8a2706-c1d3-45b7-8a3b-abfc039fc7c6 does not exist.

During handling of the above exception, another exception occurred:

Traceback (most recent call last):
  File "E:\TalkFlow\apps\backend\.venv\Lib\site-packages\uvicorn\protocols\http\httptools_impl.py", line 422, in run_asgi
    result = await app(  # type: ignore[func-returns-value]
             ^^^^^^^^^^^^^^^^^^^^^^^^^^^^^^^^^^^^^^^^^^^^^^
        self.scope, self.receive, self.send
        ^^^^^^^^^^^^^^^^^^^^^^^^^^^^^^^^^^^
    )
    ^
  File "E:\TalkFlow\apps\backend\.venv\Lib\site-packages\uvicorn\middleware\proxy_headers.py", line 63, in __call__
    return await self.app(scope, receive, send)
           ^^^^^^^^^^^^^^^^^^^^^^^^^^^^^^^^^^^^
  File "E:\TalkFlow\apps\backend\.venv\Lib\site-packages\fastapi\applications.py", line 1163, in __call__
    await super().__call__(scope, receive, send)
  File "E:\TalkFlow\apps\backend\.venv\Lib\site-packages\starlette\applications.py", line 96, in __call__
    await self.middleware_stack(scope, receive, send)
  File "E:\TalkFlow\apps\backend\.venv\Lib\site-packages\starlette\middleware\errors.py", line 176, in __call__
    response = await self.handler(request, exc)  # type: ignore[assignment, arg-type]
               ^^^^^^^^^^^^^^^^^^^^^^^^^^^^^^^^
  File "E:\TalkFlow\apps\backend\app\main.py", line 74, in unhandled_error_handler
    log.exception("unhandled error", path=request.url.path, trace_id=trace_id)
    ~~~~~~~~~~~~~^^^^^^^^^^^^^^^^^^^^^^^^^^^^^^^^^^^^^^^^^^^^^^^^^^^^^^^^^^^^^
  File "E:\TalkFlow\apps\backend\.venv\Lib\site-packages\structlog\_native.py", line 49, in exception
    return self.error(event, *args, **kw)
           ~~~~~~~~~~^^^^^^^^^^^^^^^^^^^^
  File "E:\TalkFlow\apps\backend\.venv\Lib\site-packages\structlog\_native.py", line 172, in meth
    return self._proxy_to_logger(
           ~~~~~~~~~~~~~~~~~~~~~^
        name, _maybe_interpolate(event, args), **kw
        ^^^^^^^^^^^^^^^^^^^^^^^^^^^^^^^^^^^^^^^^^^^
    )
    ^
  File "E:\TalkFlow\apps\backend\.venv\Lib\site-packages\structlog\_base.py", line 224, in _proxy_to_logger
    return getattr(self._logger, method_name)(*args, **kw)
           ~~~~~~~~~~~~~~~~~~~~~~~~~~~~~~~~~~^^^^^^^^^^^^^
  File "E:\TalkFlow\apps\backend\.venv\Lib\site-packages\structlog\_output.py", line 113, in msg
    print(message, file=f, flush=True)
    ~~~~~^^^^^^^^^^^^^^^^^^^^^^^^^^^^^
  File "E:\TalkFlow\apps\backend\.venv\Lib\site-packages\colorama\ansitowin32.py", line 47, in write
    self.__convertor.write(text)
    ~~~~~~~~~~~~~~~~~~~~~~^^^^^^
  File "E:\TalkFlow\apps\backend\.venv\Lib\site-packages\colorama\ansitowin32.py", line 177, in write
    self.write_and_convert(text)
    ~~~~~~~~~~~~~~~~~~~~~~^^^^^^
  File "E:\TalkFlow\apps\backend\.venv\Lib\site-packages\colorama\ansitowin32.py", line 202, in write_and_convert
    self.write_plain_text(text, cursor, start)
    ~~~~~~~~~~~~~~~~~~~~~^^^^^^^^^^^^^^^^^^^^^
  File "E:\TalkFlow\apps\backend\.venv\Lib\site-packages\colorama\ansitowin32.py", line 210, in write_plain_text
    self.wrapped.write(text[start:end])
    ~~~~~~~~~~~~~~~~~~^^^^^^^^^^^^^^^^^
  File "C:\Users\C-Zone\AppData\Local\Programs\Python\Python313\Lib\encodings\cp1252.py", line 19, in encode
    return codecs.charmap_encode(input,self.errors,encoding_table)[0]
           ~~~~~~~~~~~~~~~~~~~~~^^^^^^^^^^^^^^^^^^^^^^^^^^^^^^^^^^
UnicodeEncodeError: 'charmap' codec can't encode characters in position 0-1: character maps to <undefined>
